******************************************************************************
                  MSP430 Linker PC v4.2.1                      
******************************************************************************
>> Linked Tue May 05 10:33:55 2015

OUTPUT FILE NAME:   <MPPT_prototype.out>
ENTRY POINT SYMBOL: "_c_int00"  address: 0000d388


MEMORY CONFIGURATION

         name            origin    length      used     unused   attr    fill
----------------------  --------  ---------  --------  --------  ----  --------
  SFR                   00000000   00000010  00000000  00000010  RWIX
  PERIPHERALS_8BIT      00000010   000000f0  00000000  000000f0  RWIX
  PERIPHERALS_16BIT     00000100   00000100  00000000  00000100  RWIX
  RAM                   00000200   00000200  00000172  0000008e  RWIX
  INFOD                 00001000   00000040  00000000  00000040  RWIX
  INFOC                 00001040   00000040  00000000  00000040  RWIX
  INFOB                 00001080   00000040  00000000  00000040  RWIX
  INFOA                 000010c0   00000040  00000000  00000040  RWIX
  FLASH                 0000c000   00003fe0  0000146a  00002b76  RWIX
  INT00                 0000ffe0   00000002  00000000  00000002  RWIX
  INT01                 0000ffe2   00000002  00000000  00000002  RWIX
  INT02                 0000ffe4   00000002  00000002  00000000  RWIX
  INT03                 0000ffe6   00000002  00000002  00000000  RWIX
  INT04                 0000ffe8   00000002  00000000  00000002  RWIX
  INT05                 0000ffea   00000002  00000002  00000000  RWIX
  INT06                 0000ffec   00000002  00000002  00000000  RWIX
  INT07                 0000ffee   00000002  00000002  00000000  RWIX
  INT08                 0000fff0   00000002  00000002  00000000  RWIX
  INT09                 0000fff2   00000002  00000002  00000000  RWIX
  INT10                 0000fff4   00000002  00000002  00000000  RWIX
  INT11                 0000fff6   00000002  00000002  00000000  RWIX
  INT12                 0000fff8   00000002  00000002  00000000  RWIX
  INT13                 0000fffa   00000002  00000002  00000000  RWIX
  INT14                 0000fffc   00000002  00000002  00000000  RWIX
  RESET                 0000fffe   00000002  00000002  00000000  RWIX


SECTION ALLOCATION MAP

 output                                  attributes/
section   page    origin      length       input sections
--------  ----  ----------  ----------   ----------------
.init_array 
*          0    0000c000    00000000     UNINITIALIZED

.data      0    00000200    00000122     UNINITIALIZED
                  00000200    00000100     main.obj (.data:adc)
                  00000300    00000022     main.obj (.data)

.TI.persistent 
*          0    00000200    00000000     UNINITIALIZED

.stack     0    000003b0    00000050     UNINITIALIZED
                  000003b0    00000002     rts430_eabi.lib : boot.obj (.stack)
                  000003b2    0000004e     --HOLE--

.text      0    0000c000    0000144e     
                  0000c000    000002f8     rts430_eabi.lib : frcmpyd.obj (.text:__TI_frcmpyd)
                  0000c2f8    000002e8                     : addd.obj (.text:__mspabi_addd)
                  0000c5e0    0000026e                     : frcaddd.obj (.text:__TI_frcaddd)
                  0000c84e    00000256                     : mpyd.obj (.text:__mspabi_mpyd)
                  0000caa4    000001ce     main.obj (.text:Read_ADC)
                  0000cc72    000000fc     main.obj (.text:PandO)
                  0000cd6e    000000c2     rts430_eabi.lib : fs_mpy.obj (.text)
                  0000ce30    000000c0                     : renormd.obj (.text:__TI_renormd)
                  0000cef0    000000a8                     : cvtdf.obj (.text:__mspabi_cvtdf)
                  0000cf98    00000090                     : fltuld.obj (.text:__mspabi_fltuld)
                  0000d028    0000005e                     : copy_decompress_rle.obj (.text:__TI_decompress_rle_core)
                  0000d086    0000005e                     : autoinit.obj (.text:_auto_init)
                  0000d0e4    0000005c                     : lsr32.obj (.text:l_lsr_const)
                  0000d140    0000004c                     : lsr16.obj (.text)
                  0000d18c    0000004a                     : fs_cmp.obj (.text)
                  0000d1d6    0000003e                     : asr32.obj (.text:l_asr_const)
                  0000d214    0000003e                     : lsl32.obj (.text:l_lsl_const)
                  0000d252    00000036                     : subd.obj (.text:__mspabi_subd)
                  0000d288    0000002c                     : asr16.obj (.text)
                  0000d2b4    0000002c                     : lsl16.obj (.text)
                  0000d2e0    00000026     main.obj (.text:Setup_PWM)
                  0000d306    00000026     rts430_eabi.lib : mult32.obj (.text)
                  0000d32c    00000024     main.obj (.text:main)
                  0000d350    0000001e     main.obj (.text:Setup_ADC)
                  0000d36e    0000001a     main.obj (.text:Setup_Timer)
                  0000d388    0000001a     rts430_eabi.lib : boot.obj (.text:_c_int00_noexit)
                  0000d3a2    00000016     main.obj (.text:Setup_MSP)
                  0000d3b8    00000012     rts430_eabi.lib : copy_decompress_none.obj (.text:decompress:none:__TI_decompress_none)
                  0000d3ca    00000012                     : lsr32.obj (.text:l_lsr)
                  0000d3dc    00000012                     : memcpy.obj (.text:memcpy)
                  0000d3ee    00000010                     : asr32.obj (.text:l_asr)
                  0000d3fe    00000010                     : lsl32.obj (.text:l_lsl)
                  0000d40e    00000010                     : epilog.obj (.text)
                  0000d41e    0000000e     main.obj (.text:Timer_A1)
                  0000d42c    00000008     main.obj (.text:ADC10_ISR)
                  0000d434    00000006     rts430_eabi.lib : isr_trap.obj (.text:__TI_ISR_TRAP)
                  0000d43a    00000006                     : fltud.obj (.text:__mspabi_fltud)
                  0000d440    00000006                     : copy_decompress_rle.obj (.text:decompress:rle24:__TI_decompress_rle24)
                  0000d446    00000004                     : pre_init.obj (.text:_system_pre_init)
                  0000d44a    00000004                     : exit.obj (.text:abort)

.cinit     0    0000d44e    0000001c     
                  0000d44e    00000013     (.cinit..data.load) [load image, compression = rle]
                  0000d461    00000001     --HOLE-- [fill = 0]
                  0000d462    00000004     (__TI_handler_table)
                  0000d466    00000004     (__TI_cinit_table)

PORT1      0    0000ffe4    00000002     
                  0000ffe4    00000002     rts430_eabi.lib : int02.obj (.int02)

PORT2      0    0000ffe6    00000002     
                  0000ffe6    00000002     rts430_eabi.lib : int03.obj (.int03)

ADC10      0    0000ffea    00000002     
                  0000ffea    00000002     main.obj (.int05)

USCIAB0TX 
*          0    0000ffec    00000002     
                  0000ffec    00000002     rts430_eabi.lib : int06.obj (.int06)

USCIAB0RX 
*          0    0000ffee    00000002     
                  0000ffee    00000002     rts430_eabi.lib : int07.obj (.int07)

TIMER0_A1 
*          0    0000fff0    00000002     
                  0000fff0    00000002     rts430_eabi.lib : int08.obj (.int08)

TIMER0_A0 
*          0    0000fff2    00000002     
                  0000fff2    00000002     rts430_eabi.lib : int09.obj (.int09)

WDT        0    0000fff4    00000002     
                  0000fff4    00000002     rts430_eabi.lib : int10.obj (.int10)

COMPARATORA 
*          0    0000fff6    00000002     
                  0000fff6    00000002     rts430_eabi.lib : int11.obj (.int11)

TIMER1_A1 
*          0    0000fff8    00000002     
                  0000fff8    00000002     rts430_eabi.lib : int12.obj (.int12)

TIMER1_A0 
*          0    0000fffa    00000002     
                  0000fffa    00000002     main.obj (.int13)

NMI        0    0000fffc    00000002     
                  0000fffc    00000002     rts430_eabi.lib : int14.obj (.int14)

.reset     0    0000fffe    00000002     
                  0000fffe    00000002     rts430_eabi.lib : boot.obj (.reset)


LINKER GENERATED COPY TABLES

__TI_cinit_table @ 0000d466 records: 1, size/record: 4, table size: 4
	.data: load addr=0000d44e, load size=00000013 bytes, run addr=00000200, run size=00000122 bytes, compression=rle


LINKER GENERATED HANDLER TABLE

__TI_handler_table @ 0000d462 records: 2, size/record: 2, table size: 4
	index: 0, handler: __TI_decompress_rle24
	index: 1, handler: __TI_decompress_none


GLOBAL SYMBOLS: SORTED ALPHABETICALLY BY Name 

address    name
--------   ----
0000004a   ADC10AE0
000001b0   ADC10CTL0
000001b2   ADC10CTL1
00000048   ADC10DTC0
00000049   ADC10DTC1
000001b4   ADC10MEM
000001bc   ADC10SA
0000d42c   ADC10_ISR
00000057   BCSCTL1
00000058   BCSCTL2
00000053   BCSCTL3
0000d44a   C$$EXIT
00000059   CACTL1
0000005a   CACTL2
000010fb   CALBC1_12MHZ
000010f9   CALBC1_16MHZ
000010ff   CALBC1_1MHZ
000010fd   CALBC1_8MHZ
000010fa   CALDCO_12MHZ
000010f8   CALDCO_16MHZ
000010fe   CALDCO_1MHZ
000010fc   CALDCO_8MHZ
0000005b   CAPD
00000056   DCOCTL
00000128   FCTL1
0000012a   FCTL2
0000012c   FCTL3
00000000   IE1
00000001   IE2
00000002   IFG1
00000003   IFG2
00000022   P1DIR
00000025   P1IE
00000024   P1IES
00000023   P1IFG
00000020   P1IN
00000021   P1OUT
00000027   P1REN
00000026   P1SEL
00000041   P1SEL2
0000002a   P2DIR
0000002d   P2IE
0000002c   P2IES
0000002b   P2IFG
00000028   P2IN
00000029   P2OUT
0000002f   P2REN
0000002e   P2SEL
00000042   P2SEL2
0000001a   P3DIR
00000018   P3IN
00000019   P3OUT
00000010   P3REN
0000001b   P3SEL
00000043   P3SEL2
0000cc72   PandO
0000caa4   Read_ADC
0000d350   Setup_ADC
0000d3a2   Setup_MSP
0000d2e0   Setup_PWM
0000d36e   Setup_Timer
00000172   TA0CCR0
00000174   TA0CCR1
00000176   TA0CCR2
00000162   TA0CCTL0
00000164   TA0CCTL1
00000166   TA0CCTL2
00000160   TA0CTL
0000012e   TA0IV
00000170   TA0R
00000192   TA1CCR0
00000194   TA1CCR1
00000196   TA1CCR2
00000182   TA1CCTL0
00000184   TA1CCTL1
00000186   TA1CCTL2
00000180   TA1CTL
0000011e   TA1IV
00000190   TA1R
0000d41e   Timer_A1
0000005d   UCA0ABCTL
00000062   UCA0BR0
00000063   UCA0BR1
00000060   UCA0CTL0
00000061   UCA0CTL1
0000005f   UCA0IRRCTL
0000005e   UCA0IRTCTL
00000064   UCA0MCTL
00000066   UCA0RXBUF
00000065   UCA0STAT
00000067   UCA0TXBUF
0000006a   UCB0BR0
0000006b   UCB0BR1
00000068   UCB0CTL0
00000069   UCB0CTL1
0000006c   UCB0I2CIE
00000118   UCB0I2COA
0000011a   UCB0I2CSA
0000006e   UCB0RXBUF
0000006d   UCB0STAT
0000006f   UCB0TXBUF
00000120   WDTCTL
00000400   __STACK_END
00000050   __STACK_SIZE
0000d466   __TI_CINIT_Base
0000d46a   __TI_CINIT_Limit
0000d462   __TI_Handler_Table_Base
0000d466   __TI_Handler_Table_Limit
UNDEFED    __TI_INITARRAY_Base
UNDEFED    __TI_INITARRAY_Limit
0000d434   __TI_ISR_TRAP
00000001   __TI_args_main
0000d3b8   __TI_decompress_none
0000d440   __TI_decompress_rle24
00000001   __TI_exit
0000c5e0   __TI_frcaddd
0000c000   __TI_frcmpyd
0000ffe4   __TI_int02
0000ffe6   __TI_int03
0000ffea   __TI_int05
0000ffec   __TI_int06
0000ffee   __TI_int07
0000fff0   __TI_int08
0000fff2   __TI_int09
0000fff4   __TI_int10
0000fff6   __TI_int11
0000fff8   __TI_int12
0000fffa   __TI_int13
0000fffc   __TI_int14
0000ce30   __TI_renormd
ffffffff   __binit__
ffffffff   __c_args__
0000c2f8   __mspabi_addd
0000d18c   __mspabi_cmpf
0000cef0   __mspabi_cvtdf
0000d43a   __mspabi_fltud
0000cf98   __mspabi_fltuld
0000d41a   __mspabi_func_epilog_1
0000d418   __mspabi_func_epilog_2
0000d416   __mspabi_func_epilog_3
0000d414   __mspabi_func_epilog_4
0000d412   __mspabi_func_epilog_5
0000d410   __mspabi_func_epilog_6
0000d40e   __mspabi_func_epilog_7
0000c84e   __mspabi_mpyd
0000cd6e   __mspabi_mpyf
0000d306   __mspabi_mpyl
0000d2b4   __mspabi_slli
0000d2dc   __mspabi_slli_1
0000d2ca   __mspabi_slli_10
0000d2c8   __mspabi_slli_11
0000d2c6   __mspabi_slli_12
0000d2c4   __mspabi_slli_13
0000d2c2   __mspabi_slli_14
0000d2c0   __mspabi_slli_15
0000d2da   __mspabi_slli_2
0000d2d8   __mspabi_slli_3
0000d2d6   __mspabi_slli_4
0000d2d4   __mspabi_slli_5
0000d2d2   __mspabi_slli_6
0000d2d0   __mspabi_slli_7
0000d2ce   __mspabi_slli_8
0000d2cc   __mspabi_slli_9
0000d3fe   __mspabi_slll
0000d24c   __mspabi_slll_1
0000d228   __mspabi_slll_10
0000d224   __mspabi_slll_11
0000d220   __mspabi_slll_12
0000d21c   __mspabi_slll_13
0000d218   __mspabi_slll_14
0000d214   __mspabi_slll_15
0000d248   __mspabi_slll_2
0000d244   __mspabi_slll_3
0000d240   __mspabi_slll_4
0000d23c   __mspabi_slll_5
0000d238   __mspabi_slll_6
0000d234   __mspabi_slll_7
0000d230   __mspabi_slll_8
0000d22c   __mspabi_slll_9
0000d288   __mspabi_srai
0000d2b0   __mspabi_srai_1
0000d29e   __mspabi_srai_10
0000d29c   __mspabi_srai_11
0000d29a   __mspabi_srai_12
0000d298   __mspabi_srai_13
0000d296   __mspabi_srai_14
0000d294   __mspabi_srai_15
0000d2ae   __mspabi_srai_2
0000d2ac   __mspabi_srai_3
0000d2aa   __mspabi_srai_4
0000d2a8   __mspabi_srai_5
0000d2a6   __mspabi_srai_6
0000d2a4   __mspabi_srai_7
0000d2a2   __mspabi_srai_8
0000d2a0   __mspabi_srai_9
0000d3ee   __mspabi_sral
0000d20e   __mspabi_sral_1
0000d1ea   __mspabi_sral_10
0000d1e6   __mspabi_sral_11
0000d1e2   __mspabi_sral_12
0000d1de   __mspabi_sral_13
0000d1da   __mspabi_sral_14
0000d1d6   __mspabi_sral_15
0000d20a   __mspabi_sral_2
0000d206   __mspabi_sral_3
0000d202   __mspabi_sral_4
0000d1fe   __mspabi_sral_5
0000d1fa   __mspabi_sral_6
0000d1f6   __mspabi_sral_7
0000d1f2   __mspabi_sral_8
0000d1ee   __mspabi_sral_9
0000d140   __mspabi_srli
0000d186   __mspabi_srli_1
0000d162   __mspabi_srli_10
0000d15e   __mspabi_srli_11
0000d15a   __mspabi_srli_12
0000d156   __mspabi_srli_13
0000d152   __mspabi_srli_14
0000d14e   __mspabi_srli_15
0000d182   __mspabi_srli_2
0000d17e   __mspabi_srli_3
0000d17a   __mspabi_srli_4
0000d176   __mspabi_srli_5
0000d172   __mspabi_srli_6
0000d16e   __mspabi_srli_7
0000d16a   __mspabi_srli_8
0000d166   __mspabi_srli_9
0000d3ca   __mspabi_srll
0000d138   __mspabi_srll_1
0000d102   __mspabi_srll_10
0000d0fc   __mspabi_srll_11
0000d0f6   __mspabi_srll_12
0000d0f0   __mspabi_srll_13
0000d0ea   __mspabi_srll_14
0000d0e4   __mspabi_srll_15
0000d132   __mspabi_srll_2
0000d12c   __mspabi_srll_3
0000d126   __mspabi_srll_4
0000d120   __mspabi_srll_5
0000d11a   __mspabi_srll_6
0000d114   __mspabi_srll_7
0000d10e   __mspabi_srll_8
0000d108   __mspabi_srll_9
0000d252   __mspabi_subd
0000d086   _auto_init
0000d388   _c_int00
0000d388   _c_int00_noexit
0000fffe   _reset_vector
000003b0   _stack
0000d446   _system_pre_init
0000d44a   abort
00000200   adc
ffffffff   binit
00000300   curr_in
00000308   curr_out
00000312   dir
00000310   duty_cycle
0000031a   io
0000d32c   main
0000d3dc   memcpy
0000031e   po
00000314   updown
00000316   vo
00000304   volt_in
0000030c   volt_out


GLOBAL SYMBOLS: SORTED BY Symbol Address 

address    name
--------   ----
00000000   IE1
00000001   IE2
00000001   __TI_args_main
00000001   __TI_exit
00000002   IFG1
00000003   IFG2
00000010   P3REN
00000018   P3IN
00000019   P3OUT
0000001a   P3DIR
0000001b   P3SEL
00000020   P1IN
00000021   P1OUT
00000022   P1DIR
00000023   P1IFG
00000024   P1IES
00000025   P1IE
00000026   P1SEL
00000027   P1REN
00000028   P2IN
00000029   P2OUT
0000002a   P2DIR
0000002b   P2IFG
0000002c   P2IES
0000002d   P2IE
0000002e   P2SEL
0000002f   P2REN
00000041   P1SEL2
00000042   P2SEL2
00000043   P3SEL2
00000048   ADC10DTC0
00000049   ADC10DTC1
0000004a   ADC10AE0
00000050   __STACK_SIZE
00000053   BCSCTL3
00000056   DCOCTL
00000057   BCSCTL1
00000058   BCSCTL2
00000059   CACTL1
0000005a   CACTL2
0000005b   CAPD
0000005d   UCA0ABCTL
0000005e   UCA0IRTCTL
0000005f   UCA0IRRCTL
00000060   UCA0CTL0
00000061   UCA0CTL1
00000062   UCA0BR0
00000063   UCA0BR1
00000064   UCA0MCTL
00000065   UCA0STAT
00000066   UCA0RXBUF
00000067   UCA0TXBUF
00000068   UCB0CTL0
00000069   UCB0CTL1
0000006a   UCB0BR0
0000006b   UCB0BR1
0000006c   UCB0I2CIE
0000006d   UCB0STAT
0000006e   UCB0RXBUF
0000006f   UCB0TXBUF
00000118   UCB0I2COA
0000011a   UCB0I2CSA
0000011e   TA1IV
00000120   WDTCTL
00000128   FCTL1
0000012a   FCTL2
0000012c   FCTL3
0000012e   TA0IV
00000160   TA0CTL
00000162   TA0CCTL0
00000164   TA0CCTL1
00000166   TA0CCTL2
00000170   TA0R
00000172   TA0CCR0
00000174   TA0CCR1
00000176   TA0CCR2
00000180   TA1CTL
00000182   TA1CCTL0
00000184   TA1CCTL1
00000186   TA1CCTL2
00000190   TA1R
00000192   TA1CCR0
00000194   TA1CCR1
00000196   TA1CCR2
000001b0   ADC10CTL0
000001b2   ADC10CTL1
000001b4   ADC10MEM
000001bc   ADC10SA
00000200   adc
00000300   curr_in
00000304   volt_in
00000308   curr_out
0000030c   volt_out
00000310   duty_cycle
00000312   dir
00000314   updown
00000316   vo
0000031a   io
0000031e   po
000003b0   _stack
00000400   __STACK_END
000010f8   CALDCO_16MHZ
000010f9   CALBC1_16MHZ
000010fa   CALDCO_12MHZ
000010fb   CALBC1_12MHZ
000010fc   CALDCO_8MHZ
000010fd   CALBC1_8MHZ
000010fe   CALDCO_1MHZ
000010ff   CALBC1_1MHZ
0000c000   __TI_frcmpyd
0000c2f8   __mspabi_addd
0000c5e0   __TI_frcaddd
0000c84e   __mspabi_mpyd
0000caa4   Read_ADC
0000cc72   PandO
0000cd6e   __mspabi_mpyf
0000ce30   __TI_renormd
0000cef0   __mspabi_cvtdf
0000cf98   __mspabi_fltuld
0000d086   _auto_init
0000d0e4   __mspabi_srll_15
0000d0ea   __mspabi_srll_14
0000d0f0   __mspabi_srll_13
0000d0f6   __mspabi_srll_12
0000d0fc   __mspabi_srll_11
0000d102   __mspabi_srll_10
0000d108   __mspabi_srll_9
0000d10e   __mspabi_srll_8
0000d114   __mspabi_srll_7
0000d11a   __mspabi_srll_6
0000d120   __mspabi_srll_5
0000d126   __mspabi_srll_4
0000d12c   __mspabi_srll_3
0000d132   __mspabi_srll_2
0000d138   __mspabi_srll_1
0000d140   __mspabi_srli
0000d14e   __mspabi_srli_15
0000d152   __mspabi_srli_14
0000d156   __mspabi_srli_13
0000d15a   __mspabi_srli_12
0000d15e   __mspabi_srli_11
0000d162   __mspabi_srli_10
0000d166   __mspabi_srli_9
0000d16a   __mspabi_srli_8
0000d16e   __mspabi_srli_7
0000d172   __mspabi_srli_6
0000d176   __mspabi_srli_5
0000d17a   __mspabi_srli_4
0000d17e   __mspabi_srli_3
0000d182   __mspabi_srli_2
0000d186   __mspabi_srli_1
0000d18c   __mspabi_cmpf
0000d1d6   __mspabi_sral_15
0000d1da   __mspabi_sral_14
0000d1de   __mspabi_sral_13
0000d1e2   __mspabi_sral_12
0000d1e6   __mspabi_sral_11
0000d1ea   __mspabi_sral_10
0000d1ee   __mspabi_sral_9
0000d1f2   __mspabi_sral_8
0000d1f6   __mspabi_sral_7
0000d1fa   __mspabi_sral_6
0000d1fe   __mspabi_sral_5
0000d202   __mspabi_sral_4
0000d206   __mspabi_sral_3
0000d20a   __mspabi_sral_2
0000d20e   __mspabi_sral_1
0000d214   __mspabi_slll_15
0000d218   __mspabi_slll_14
0000d21c   __mspabi_slll_13
0000d220   __mspabi_slll_12
0000d224   __mspabi_slll_11
0000d228   __mspabi_slll_10
0000d22c   __mspabi_slll_9
0000d230   __mspabi_slll_8
0000d234   __mspabi_slll_7
0000d238   __mspabi_slll_6
0000d23c   __mspabi_slll_5
0000d240   __mspabi_slll_4
0000d244   __mspabi_slll_3
0000d248   __mspabi_slll_2
0000d24c   __mspabi_slll_1
0000d252   __mspabi_subd
0000d288   __mspabi_srai
0000d294   __mspabi_srai_15
0000d296   __mspabi_srai_14
0000d298   __mspabi_srai_13
0000d29a   __mspabi_srai_12
0000d29c   __mspabi_srai_11
0000d29e   __mspabi_srai_10
0000d2a0   __mspabi_srai_9
0000d2a2   __mspabi_srai_8
0000d2a4   __mspabi_srai_7
0000d2a6   __mspabi_srai_6
0000d2a8   __mspabi_srai_5
0000d2aa   __mspabi_srai_4
0000d2ac   __mspabi_srai_3
0000d2ae   __mspabi_srai_2
0000d2b0   __mspabi_srai_1
0000d2b4   __mspabi_slli
0000d2c0   __mspabi_slli_15
0000d2c2   __mspabi_slli_14
0000d2c4   __mspabi_slli_13
0000d2c6   __mspabi_slli_12
0000d2c8   __mspabi_slli_11
0000d2ca   __mspabi_slli_10
0000d2cc   __mspabi_slli_9
0000d2ce   __mspabi_slli_8
0000d2d0   __mspabi_slli_7
0000d2d2   __mspabi_slli_6
0000d2d4   __mspabi_slli_5
0000d2d6   __mspabi_slli_4
0000d2d8   __mspabi_slli_3
0000d2da   __mspabi_slli_2
0000d2dc   __mspabi_slli_1
0000d2e0   Setup_PWM
0000d306   __mspabi_mpyl
0000d32c   main
0000d350   Setup_ADC
0000d36e   Setup_Timer
0000d388   _c_int00
0000d388   _c_int00_noexit
0000d3a2   Setup_MSP
0000d3b8   __TI_decompress_none
0000d3ca   __mspabi_srll
0000d3dc   memcpy
0000d3ee   __mspabi_sral
0000d3fe   __mspabi_slll
0000d40e   __mspabi_func_epilog_7
0000d410   __mspabi_func_epilog_6
0000d412   __mspabi_func_epilog_5
0000d414   __mspabi_func_epilog_4
0000d416   __mspabi_func_epilog_3
0000d418   __mspabi_func_epilog_2
0000d41a   __mspabi_func_epilog_1
0000d41e   Timer_A1
0000d42c   ADC10_ISR
0000d434   __TI_ISR_TRAP
0000d43a   __mspabi_fltud
0000d440   __TI_decompress_rle24
0000d446   _system_pre_init
0000d44a   C$$EXIT
0000d44a   abort
0000d462   __TI_Handler_Table_Base
0000d466   __TI_CINIT_Base
0000d466   __TI_Handler_Table_Limit
0000d46a   __TI_CINIT_Limit
0000ffe4   __TI_int02
0000ffe6   __TI_int03
0000ffea   __TI_int05
0000ffec   __TI_int06
0000ffee   __TI_int07
0000fff0   __TI_int08
0000fff2   __TI_int09
0000fff4   __TI_int10
0000fff6   __TI_int11
0000fff8   __TI_int12
0000fffa   __TI_int13
0000fffc   __TI_int14
0000fffe   _reset_vector
ffffffff   __binit__
ffffffff   __c_args__
ffffffff   binit
UNDEFED    __TI_INITARRAY_Base
UNDEFED    __TI_INITARRAY_Limit

[265 symbols]
